Turbo Assembler	 Version 2.51	     12/06/22 10:54:07	    Page 1
L_5_E_3.asm



      1	0000			     .model small				     ;Модель памяти,		    +
      2				     используемая для EXE.
      3	0000			     .stack 100h					     ;Сегмент стека		    +
      4				     размеров в 256 байт
      5	0000			     .code						     ;Начало сегмента кода.
      6	0000  B8 0000s		     start: mov	ax,@data		     ; в регистра AX смещение для	    +
      7				     данных
      8	0003  8E D8				mov ds,ax			     ; установить регистр DS	    +
      9				     равный AX то ест теперь там смещение.
     10	0005  B4 5B				mov ah,5Bh			     ;Номер функции	DOS - в АН.
     11	0007  33 C9				xor cx,cx			     ;не задаем	Атрибуты файла
     12	0009  BA 0000r				mov dx,offset filename	     ;Указатель на имя файла
     13	000C  CD 21				int 21h					     ;Вызов обработчика	    +
     14				     прерывания
     15	000E  B8 4C00				mov ax,4C00h
     16	0011  CD 21			    int	21h				     ;Функция DOS "завершить	    +
     17				     программу".
     18	0013			     .data
     19	0000  35 2E 74 78 74 00	     filename db '5.txt',0		     ;Имя файла
     20				     end start						     ;Конец программы.
Turbo Assembler	 Version 2.51	     12/06/22 10:54:07	    Page 2
Symbol Table




Symbol Name		Type   Value			   Cref	(defined at #)

??DATE			Text   "12/06/22"
??FILENAME		Text   "L_5_E_3	"
??TIME			Text   "10:54:07"
??VERSION		Number 0205
@CODE			Text   _TEXT			   #1  #1  #5
@CODESIZE		Text   0			   #1
@CPU			Text   0101H
@CURSEG			Text   _DATA			   #5  #18
@DATA			Text   DGROUP			   #1  6
@DATASIZE		Text   0			   #1
@FILENAME		Text   L_5_E_3
@MODEL			Text   2			   #1
@WORDSIZE		Text   2			   #5  #18
FILENAME		Byte   DGROUP:0000		   12  #19
START			Near   _TEXT:0000		   #6  20

Groups & Segments	Bit Size Align	Combine	Class	   Cref	(defined at #)

DGROUP			Group				   #1  1  6
  STACK			16  0100 Para	Stack	STACK	   #3
  _DATA			16  0006 Word	Public	DATA	   #1  #18
_TEXT			16  0013 Word	Public	CODE	   #1  1  #5  5
